{
   "status" : "up",
   "tun" : "T4615"
}

{
   "status" : "up",
   "tun" : "T4615"
}

{
   "status" : "up",
   "tun" : "T4615"
}

Hello
Hello
Hello
Hello
Hello
Hello
Hello
{
	"status" : "up",
	"tun" : "T74615"
}

{
	"status" : "up",
	"tun" : "T74615"
}

{
	"status" : "up",
	"tun" : "T74615"
}

{
	"status" : "up",
	"tun" : "T4615"
}

{
	"status" : "up",
	"tun" : "T4615"
}

